// Jest Snapshot v1, https://goo.gl/fbAQLP

exports[`print 1`] = `"No formatting on this one."`;

exports[`print 2`] = `"üö´  [31m[1mEnvironment variables not set![22m[39m"`;

exports[`print 3`] = `"üö´  [31m[1mError: [22m[39m[31m[1mNo assertions were executed on that test.[22m[39m"`;

exports[`print 4`] = `"üö´  [31m[1mExampleError: [22m[39m[1mExpected something else.[22m"`;

exports[`print 5`] = `"    [37m[90m1[37m {[39m"`;

exports[`print 6`] = `"    [37m[90m2[37m   [33mname:[37m [33m'ExampleError'[37m[39m"`;

exports[`print 7`] = `"    [37m[90m3[37m }[39m"`;

exports[`print 8`] = `"üö´  [31m[1mTimeout reached:[22m[39m [31m[1mExampleError: [22m[39m[31m[1mpromise cancelled[22m[39m"`;

exports[`print 9`] = `"    [37m[90m1[37m {[39m"`;

exports[`print 10`] = `"    [37m[90m2[37m   [33mname:[37m [33m'ExampleError'[37m[39m"`;

exports[`print 11`] = `"    [37m[90m3[37m }[39m"`;

exports[`print 12`] = `"‚ö†Ô∏è   [33m[1mFile was overwritten:[22m[39m"`;

exports[`print 13`] = `"    /tmp/fakeFile.json"`;

exports[`print 14`] = `"üíÅ  [36m[1mDone in 0.91s.[22m[39m"`;

exports[`print 15`] = `"üêõ  [35mFlaky test started.[39m"`;

exports[`print 16`] = `"    Make sure you check it out."`;

exports[`print 17`] = `"    Could be trouble."`;

exports[`print 18`] = `"    Request made to server."`;

exports[`print 19`] = `"üîë  [36m$2b$12$HMJFAblrhBCGxTWv5BnIFe[39m"`;

exports[`print 20`] = `"    export default () => {"`;

exports[`print 21`] = `"      console.log('Hello World!')"`;

exports[`print 22`] = `"    }"`;

exports[`print 23`] = `""`;

exports[`print 24`] = `"‚è±Ô∏è   Timing you!"`;

exports[`print 25`] = `"‚úÖ  [32m[1mYou did it![22m[39m Great job."`;

exports[`print 26`] = `"üêõ  [35mTotal tests run:[39m 1"`;

exports[`print 27`] = `"üö´  [31m[1mError: [22m[39m[31m[1mNo bueno![22m[39m"`;

exports[`print 28`] = `"    [37m[90m1[37m {[39m"`;

exports[`print 29`] = `"    [37m[90m2[37m   [33mblame:[37m [33m'You'[37m[39m"`;

exports[`print 30`] = `"    [37m[90m3[37m }[39m"`;

exports[`print 31`] = `"‚ö†Ô∏è   [33m[1mError: [22m[39m[33m[1mUser not found[22m[39m"`;

exports[`print 32`] = `"    [37m[90m 1[37m {[39m"`;

exports[`print 33`] = `"    [37m[90m 2[37m   [33mid:[37m [32m321[37m,[39m"`;

exports[`print 34`] = `"    [37m[90m 3[37m   [33menabled:[37m [35mtrue[37m,[39m"`;

exports[`print 35`] = `"    [37m[90m 4[37m   [33memail:[37m [33m'jack@river.com'[37m,[39m"`;

exports[`print 36`] = `"    [37m[90m 5[37m   [33mdetails:[37m {[39m"`;

exports[`print 37`] = `"    [37m[90m 6[37m     [33mfirstName:[37m [33m'Jack'[37m,[39m"`;

exports[`print 38`] = `"    [37m[90m 7[37m     [33mlastName:[37m [33m'River'[37m,[39m"`;

exports[`print 39`] = `"    [37m[90m 8[37m     [33mregistered:[37m [33m'2019-06-21T00:13:54.246Z'[37m,[39m"`;

exports[`print 40`] = `"    [37m[90m 9[37m     [33maddress:[37m {[39m"`;

exports[`print 41`] = `"    [37m[90m10[37m       [33maddress:[37m [33m'1 Test St'[37m,[39m"`;

exports[`print 42`] = `"    [37m[90m11[37m       [33mapt:[37m [33m'201a'[37m,[39m"`;

exports[`print 43`] = `"    [37m[90m12[37m       [33mcity:[37m [33m'Red Hook'[37m,[39m"`;

exports[`print 44`] = `"    [37m[90m13[37m       [33mstate:[37m [33m'VI'[37m,[39m"`;

exports[`print 45`] = `"    [37m[90m14[37m       [33mphoneNumbers:[37m [[39m"`;

exports[`print 46`] = `"    [37m[90m15[37m         [33m'617-555-5555'[37m,[39m"`;

exports[`print 47`] = `"    [37m[90m16[37m         [33m'860-555-5555'[37m[39m"`;

exports[`print 48`] = `"    [37m[90m17[37m       ][39m"`;

exports[`print 49`] = `"    [37m[90m18[37m     },[39m"`;

exports[`print 50`] = `"    [37m[90m19[37m     [33mresult:[37m {[39m"`;

exports[`print 51`] = `"    [37m[90m20[37m       [33mstack:[37m [33m'Error: No bueno![37m[39m"`;

exports[`print 52`] = `"    [37m[90m28[37m       [33mmessage:[37m [33m'No bueno!'[37m,[39m"`;

exports[`print 53`] = `"    [37m[90m29[37m       [33mblame:[37m [33m'You'[37m[39m"`;

exports[`print 54`] = `"    [37m[90m30[37m     }[39m"`;

exports[`print 55`] = `"    [37m[90m31[37m   },[39m"`;

exports[`print 56`] = `"    [37m[90m32[37m   [33mboss:[37m {[39m"`;

exports[`print 57`] = `"    [37m[90m33[37m     [33mid:[37m [32m321[37m,[39m"`;

exports[`print 58`] = `"    [37m[90m34[37m     [33menabled:[37m [35mtrue[37m,[39m"`;

exports[`print 59`] = `"    [37m[90m35[37m     [33memail:[37m [33m'jack@river.com'[37m,[39m"`;

exports[`print 60`] = `"    [37m[90m36[37m     [33mdetails:[37m [33m'details'[37m,[39m"`;

exports[`print 61`] = `"    [37m[90m37[37m     [33mboss:[37m [33m'boss'[37m[39m"`;

exports[`print 62`] = `"    [37m[90m38[37m   }[39m"`;

exports[`print 63`] = `"    [37m[90m39[37m }[39m"`;

exports[`print 64`] = `"üêõ  [35mCalling...[39m"`;

exports[`print 65`] = `"    [37m[90m1[37m {[39m"`;

exports[`print 66`] = `"    [37m[90m2[37m   [33mphoneNumbers:[37m [[39m"`;

exports[`print 67`] = `"    [37m[90m3[37m     [33m'617-555-5555'[37m,[39m"`;

exports[`print 68`] = `"    [37m[90m4[37m     [33m'860-555-5555'[37m[39m"`;

exports[`print 69`] = `"    [37m[90m5[37m   ][39m"`;

exports[`print 70`] = `"    [37m[90m6[37m }[39m"`;

exports[`print 71`] = `"    [0mA new version is available [1mv1.1.0[22m![0m"`;

exports[`print 72`] = `"    "`;

exports[`print 73`] = `"      * [0mRun [33mpnpm add widget@latest[39m to upgrade[0m"`;

exports[`print 74`] = `"      * [0mRe-run widget[0m"`;

exports[`print 75`] = `"‚úÖ  [32m[1mSuccess![22m[39m [0m[1mDonezo.[22m[0m"`;

exports[`print 76`] = `"üíÄ  [31m[1mThis computer is dead.[22m[39m"`;

exports[`print 77`] = `"    No emojis, homies"`;

exports[`print 78`] = `"    1 {"`;

exports[`print 79`] = `"    2   also: 'no ansi'"`;

exports[`print 80`] = `"    3 }"`;

exports[`print 81`] = `"üêõ  [34m[1mapp.server[22m[39m ‚Ä¢ [35mUsing random port[39m"`;

exports[`print 82`] = `"{\\"message\\":\\"SWAPI Response\\",\\"data\\":{\\"statusCode\\":200,\\"body\\":\\"Lando!\\",\\"params\\":{\\"q\\":\\"one\\"}},\\"level\\":\\"info\\",\\"type\\":\\"info\\"}"`;

exports[`print 83`] = `"    2   also: 'no ansi'"`;

exports[`print 84`] = `"    3 }"`;

exports[`print 85`] = `"üêõ  [34m[1mapp.server[22m[39m ‚Ä¢ [35mUsing random port[39m"`;

exports[`print 86`] = `"{\\"message\\":\\"SWAPI Response\\",\\"data\\":{\\"statusCode\\":200,\\"body\\":\\"Lando!\\",\\"params\\":{\\"q\\":\\"one\\"}},\\"level\\":\\"info\\",\\"type\\":\\"info\\"}"`;

exports[`return 1`] = `
"üíÅ  [36m[1mEllo Guvna[22m[39m
"
`;
